============================= test session starts ==============================
collecting ... collected 1 item

tests/test_auth.py::TestAuthAPI::test_login_success FAILED               [100%]

=================================== FAILURES ===================================
/Users/cong/Library/Caches/pypoetry/virtualenvs/authing-server-WHiV8kj5-py3.13/lib/python3.13/site-packages/aiosqlite/core.py:106: sqlalchemy.exc.ProgrammingError: (sqlite3.ProgrammingError) Error binding parameter 8: type 'dict' is not supported
=============================== warnings summary ===============================
app/config.py:60
  /Users/cong/code/biomed/Authing/server/app/config.py:60: PydanticDeprecatedSince20: Pydantic V1 style `@validator` validators are deprecated. You should migrate to Pydantic V2 style `@field_validator` validators, see the migration guide for more details. Deprecated in Pydantic V2.0 to be removed in V3.0. See Pydantic V2 Migration Guide at https://errors.pydantic.dev/2.11/migration/
    @validator("backend_cors_origins", pre=True)

../../../../Library/Caches/pypoetry/virtualenvs/authing-server-WHiV8kj5-py3.13/lib/python3.13/site-packages/pydantic/_internal/_config.py:323
  /Users/cong/Library/Caches/pypoetry/virtualenvs/authing-server-WHiV8kj5-py3.13/lib/python3.13/site-packages/pydantic/_internal/_config.py:323: PydanticDeprecatedSince20: Support for class-based `config` is deprecated, use ConfigDict instead. Deprecated in Pydantic V2.0 to be removed in V3.0. See Pydantic V2 Migration Guide at https://errors.pydantic.dev/2.11/migration/
    warnings.warn(DEPRECATION_MESSAGE, DeprecationWarning)

app/schemas/auth.py:16
  /Users/cong/code/biomed/Authing/server/app/schemas/auth.py:16: PydanticDeprecatedSince20: Pydantic V1 style `@validator` validators are deprecated. You should migrate to Pydantic V2 style `@field_validator` validators, see the migration guide for more details. Deprecated in Pydantic V2.0 to be removed in V3.0. See Pydantic V2 Migration Guide at https://errors.pydantic.dev/2.11/migration/
    @validator('identifier')

app/schemas/auth.py:29
  /Users/cong/code/biomed/Authing/server/app/schemas/auth.py:29: PydanticDeprecatedSince20: Pydantic V1 style `@validator` validators are deprecated. You should migrate to Pydantic V2 style `@field_validator` validators, see the migration guide for more details. Deprecated in Pydantic V2.0 to be removed in V3.0. See Pydantic V2 Migration Guide at https://errors.pydantic.dev/2.11/migration/
    @validator('code')

app/schemas/auth.py:52
  /Users/cong/code/biomed/Authing/server/app/schemas/auth.py:52: PydanticDeprecatedSince20: Pydantic V1 style `@validator` validators are deprecated. You should migrate to Pydantic V2 style `@field_validator` validators, see the migration guide for more details. Deprecated in Pydantic V2.0 to be removed in V3.0. See Pydantic V2 Migration Guide at https://errors.pydantic.dev/2.11/migration/
    @validator('password')

app/schemas/auth.py:58
  /Users/cong/code/biomed/Authing/server/app/schemas/auth.py:58: PydanticDeprecatedSince20: Pydantic V1 style `@validator` validators are deprecated. You should migrate to Pydantic V2 style `@field_validator` validators, see the migration guide for more details. Deprecated in Pydantic V2.0 to be removed in V3.0. See Pydantic V2 Migration Guide at https://errors.pydantic.dev/2.11/migration/
    @validator('phone')

app/schemas/auth.py:108
  /Users/cong/code/biomed/Authing/server/app/schemas/auth.py:108: PydanticDeprecatedSince20: Pydantic V1 style `@validator` validators are deprecated. You should migrate to Pydantic V2 style `@field_validator` validators, see the migration guide for more details. Deprecated in Pydantic V2.0 to be removed in V3.0. See Pydantic V2 Migration Guide at https://errors.pydantic.dev/2.11/migration/
    @validator('new_password')

app/schemas/user.py:74
  /Users/cong/code/biomed/Authing/server/app/schemas/user.py:74: PydanticDeprecatedSince20: Pydantic V1 style `@validator` validators are deprecated. You should migrate to Pydantic V2 style `@field_validator` validators, see the migration guide for more details. Deprecated in Pydantic V2.0 to be removed in V3.0. See Pydantic V2 Migration Guide at https://errors.pydantic.dev/2.11/migration/
    @validator('password')

app/schemas/user.py:124
  /Users/cong/code/biomed/Authing/server/app/schemas/user.py:124: PydanticDeprecatedSince20: Pydantic V1 style `@validator` validators are deprecated. You should migrate to Pydantic V2 style `@field_validator` validators, see the migration guide for more details. Deprecated in Pydantic V2.0 to be removed in V3.0. See Pydantic V2 Migration Guide at https://errors.pydantic.dev/2.11/migration/
    @validator('new_password')

app/main.py:161
  /Users/cong/code/biomed/Authing/server/app/main.py:161: DeprecationWarning: 
          on_event is deprecated, use lifespan event handlers instead.
  
          Read more about it in the
          [FastAPI docs for Lifespan Events](https://fastapi.tiangolo.com/advanced/events/).
          
    @app.on_event("startup")

../../../../Library/Caches/pypoetry/virtualenvs/authing-server-WHiV8kj5-py3.13/lib/python3.13/site-packages/fastapi/applications.py:4547
../../../../Library/Caches/pypoetry/virtualenvs/authing-server-WHiV8kj5-py3.13/lib/python3.13/site-packages/fastapi/applications.py:4547
  /Users/cong/Library/Caches/pypoetry/virtualenvs/authing-server-WHiV8kj5-py3.13/lib/python3.13/site-packages/fastapi/applications.py:4547: DeprecationWarning: 
          on_event is deprecated, use lifespan event handlers instead.
  
          Read more about it in the
          [FastAPI docs for Lifespan Events](https://fastapi.tiangolo.com/advanced/events/).
          
    return self.router.on_event(event_type)

app/main.py:172
  /Users/cong/code/biomed/Authing/server/app/main.py:172: DeprecationWarning: 
          on_event is deprecated, use lifespan event handlers instead.
  
          Read more about it in the
          [FastAPI docs for Lifespan Events](https://fastapi.tiangolo.com/advanced/events/).
          
    @app.on_event("shutdown")

tests/test_auth.py::TestAuthAPI::test_login_success
tests/test_auth.py::TestAuthAPI::test_login_success
tests/test_auth.py::TestAuthAPI::test_login_success
tests/test_auth.py::TestAuthAPI::test_login_success
  /Users/cong/Library/Caches/pypoetry/virtualenvs/authing-server-WHiV8kj5-py3.13/lib/python3.13/site-packages/pydantic/fields.py:656: DeprecationWarning: datetime.datetime.utcnow() is deprecated and scheduled for removal in a future version. Use timezone-aware objects to represent datetimes in UTC: datetime.datetime.now(datetime.UTC).
    return fac()

tests/test_auth.py::TestAuthAPI::test_login_success
  /Users/cong/Library/Caches/pypoetry/virtualenvs/authing-server-WHiV8kj5-py3.13/lib/python3.13/site-packages/pydantic/main.py:253: DeprecationWarning: datetime.datetime.utcnow() is deprecated and scheduled for removal in a future version. Use timezone-aware objects to represent datetimes in UTC: datetime.datetime.now(datetime.UTC).
    validated_self = self.__pydantic_validator__.validate_python(data, self_instance=self)

-- Docs: https://docs.pytest.org/en/stable/how-to/capture-warnings.html
=========================== short test summary info ============================
FAILED tests/test_auth.py::TestAuthAPI::test_login_success - sqlalchemy.exc.P...
======================== 1 failed, 18 warnings in 0.53s ========================
